
Memory Configuration

Name             Origin             Length             Attributes
ram              0x80000000         0x00500000         xrw
*default*        0x00000000         0xffffffff

Linker script and memory map

                0x00000000                __DYNAMIC=0x0
                0x00400000                PROVIDE (__stack, 0x400000)
                0x00000000                PROVIDE (hardware_init_hook, 0x0)
                0x00000000                PROVIDE (_hardware_init_hook, 0x0)
                0x00000000                PROVIDE (software_init_hook, 0x0)
                0x00000000                PROVIDE (_software_init_hook, 0x0)

.text           0x80000000    0x77490
 *(.text)
 .text          0x80000000     0xfe60 S2_EndpointComm.o
                0x8000fca6                S2_EndpointCommEventHandler00017
                0x8000c2fa                S2_EndpointCommEventHandler00007
                0x8000f52c                S2_EndpointComm_CALLSTATUS_Constructor
                0x8000f4f8                S2_EndpointComm_HUBSTATUS_Destructor
                0x8000c60e                S2_EndpointCommEventHandler0000F
                0x8000f8f0                S2_EndpointCommEventHandler0000C
                0x8000f1ea                S2_EndpointComm_main
                0x8000d1da                S2_EndpointCommEventHandler0001C
                0x8000f4a2                S2_EndpointComm_SYSTEMSTATUS_Constructor
                0x8000bc6e                S2_EndpointCommEventHandler00004
                0x8000f502                S2_EndpointComm_ROOMSTATUS_Constructor
                0x8000fdae                S2_EndpointCommEventHandler0001A
                0x8000fd56                S2_EndpointCommEventHandler00019
                0x8000f4e4                S2_EndpointComm_SYSTEMSTATUS_Destructor
                0x8000ca14                S2_EndpointCommEventHandler00011
                0x8000f7e2                S2_EndpointCommEventHandler00009
                0x8000f4ee                S2_EndpointComm_HUBSTATUS_Constructor
                0x8000b164                S2_EndpointCommEventHandler00001
                0x8000e584                S2_EndpointCommEventHandler0001F
                0x8000cc0e                S2_EndpointCommEventHandler00013
                0x8000f522                S2_EndpointComm_ROOMSTATUS_Destructor
                0x8000ce98                S2_EndpointCommEventHandler00016
                0x8000f578                S2_EndpointComm__SPLS_TMPVAR__WAITLABEL_0__
                0x8000f948                S2_EndpointCommEventHandler0000D
                0x8000f85a                S2_EndpointCommEventHandler0000A
                0x8000c14a                S2_EndpointCommEventHandler00006
                0x8000f56e                S2_EndpointComm_CALLSTATUS_Destructor
                0x8000daf8                S2_EndpointCommEventHandler0001D
                0x8000b9c6                S2_EndpointCommEventHandler00003
                0x8000fbda                S2_EndpointCommEventHandler00015
                0x8000fcfe                S2_EndpointCommEventHandler00018
                0x8000f6b2                S2_EndpointCommEventHandler00008
                0x8000a4f8                S2_EndpointCommEventHandler00000
                0x8000e88e                S2_EndpointCommEventHandler00020
                0x8000fac8                S2_EndpointCommEventHandler00012
                0x8000fa1e                S2_EndpointCommEventHandler0000E
                0x8000c45e                S2_EndpointCommEventHandler0000B
                0x8000bffe                S2_EndpointCommEventHandler00005
                0x8000d09c                S2_EndpointCommEventHandler0001B
                0x8000fe06                S2_EndpointCommEventHandler0001E
                0x8000f0ba                S2_EndpointComm_EventHandler
                0x8000f5b0                S2_EndpointCommEventHandler00002
                0x8000c8c0                S2_EndpointCommEventHandler00010
                0x8000cd62                S2_EndpointCommEventHandler00014
 .text          0x8000fe60      0x32e S2_CMIS_Hub_Library.o
                0x80010148                S2_CMIS_Hub_Library_main
                0x8000fe60                S2_CMIS_Hub_Library__SUBSTITUTESTRING
                0x800100c8                S2_CMIS_Hub_Library_EventHandler
 *fill*         0x8001018e        0x2
 .text          0x80010190     0x1a60 S2_SDKEndpoint_OR8.o
                0x80010cf2                S2_SDKEndpoint_OR8EventHandler0000A
                0x800119ba                S2_SDKEndpoint_OR8EventHandler00005
                0x8001181e                S2_SDKEndpoint_OR8EventHandler00002
                0x80010966                S2_SDKEndpoint_OR8EventHandler00003
                0x80011aea                S2_SDKEndpoint_OR8EventHandler00007
                0x800102f6                S2_SDKEndpoint_OR8EventHandler00000
                0x80011b6c                S2_SDKEndpoint_OR8EventHandler00008
                0x8001105c                S2_SDKEndpoint_OR8_main
                0x80011a92                S2_SDKEndpoint_OR8EventHandler00006
                0x80010b94                S2_SDKEndpoint_OR8EventHandler00009
                0x80010fae                S2_SDKEndpoint_OR8_EventHandler
                0x8001190e                S2_SDKEndpoint_OR8EventHandler00004
                0x800105a0                S2_SDKEndpoint_OR8EventHandler00001
 .text          0x80011bf0      0xcce S2_Conference___RoomControl.o
                0x800126e8                S2_Conference___RoomControlEventHandler00000
                0x800127b0                S2_Conference___RoomControlEventHandler00001
                0x800121d6                S2_Conference___RoomControl_main
                0x80012846                S2_Conference___RoomControlEventHandler00003
                0x80011dec                S2_Conference___RoomControlEventHandler00002
                0x800120b0                S2_Conference___RoomControl_EventHandler
 *fill*         0x800128be        0x2
 .text          0x800128c0     0x1a60 S2_SDKEndpoint.o
                0x80012cd0                S2_SDKEndpointEventHandler00001
                0x800132c4                S2_SDKEndpointEventHandler00009
                0x800140ea                S2_SDKEndpointEventHandler00005
                0x800141c2                S2_SDKEndpointEventHandler00006
                0x8001378c                S2_SDKEndpoint_main
                0x80013422                S2_SDKEndpointEventHandler0000A
                0x80013f4e                S2_SDKEndpointEventHandler00002
                0x800136de                S2_SDKEndpoint_EventHandler
                0x8001421a                S2_SDKEndpointEventHandler00007
                0x80013096                S2_SDKEndpointEventHandler00003
                0x8001403e                S2_SDKEndpointEventHandler00004
                0x80012a26                S2_SDKEndpointEventHandler00000
                0x8001429c                S2_SDKEndpointEventHandler00008
 .text          0x80014320     0x6bc0 S2_Conference___PassiveHubComm1.o
                0x8001ac9c                S2_Conference___PassiveHubComm1EventHandler00009
                0x8001a610                S2_Conference___PassiveHubComm1_main
                0x8001ade0                S2_Conference___PassiveHubComm1EventHandler0000B
                0x8001aad6                S2_Conference___PassiveHubComm1EventHandler00003
                0x8001a518                S2_Conference___PassiveHubComm1_EventHandler
                0x8001a864                S2_Conference___PassiveHubComm1_ROOMSTATUS_Constructor
                0x80019504                S2_Conference___PassiveHubComm1EventHandler00006
                0x8001a93c                S2_Conference___PassiveHubComm1EventHandler00001
                0x8001a884                S2_Conference___PassiveHubComm1_ROOMSTATUS_Destructor
                0x8001a804                S2_Conference___PassiveHubComm1_SYSTEMSTATUS_Constructor
                0x80019642                S2_Conference___PassiveHubComm1EventHandler00007
                0x8001ab46                S2_Conference___PassiveHubComm1EventHandler00004
                0x8001a85a                S2_Conference___PassiveHubComm1_HUBSTATUS_Destructor
                0x8001a8d0                S2_Conference___PassiveHubComm1_CALLSTATUS_Destructor
                0x8001acf6                S2_Conference___PassiveHubComm1EventHandler0000A
                0x8001a846                S2_Conference___PassiveHubComm1_SYSTEMSTATUS_Destructor
                0x8001a850                S2_Conference___PassiveHubComm1_HUBSTATUS_Constructor
                0x8001aa5e                S2_Conference___PassiveHubComm1EventHandler00002
                0x80019d8c                S2_Conference___PassiveHubComm1EventHandler00008
                0x8001a8da                S2_Conference___PassiveHubComm1EventHandler00000
                0x8001a88e                S2_Conference___PassiveHubComm1_CALLSTATUS_Constructor
                0x8001abb2                S2_Conference___PassiveHubComm1EventHandler00005
 .text          0x8001aee0      0xbb8 S2_DenDVD.o
                0x8001ba2e                S2_DenDVDEventHandler00001
                0x8001b86c                S2_DenDVDCOMMANDWAIT2
                0x8001b7ee                S2_DenDVDCOMMANDWAIT1
                0x8001b6f8                S2_DenDVD_EventHandler
                0x8001b9da                S2_DenDVDEventHandler00000
                0x8001b924                S2_DenDVD_main
                0x8001aee0                S2_DenDVDEventHandler00002
 .text          0x8001ba98     0x82a0 S2_Sony_Zoom_Processor_3.o
                0x80023c06                S2_Sony_Zoom_Processor_3_EventHandler
                0x8001ba98                S2_Sony_Zoom_Processor_3EventHandler00000
                0x8001f888                S2_Sony_Zoom_Processor_3EventHandler00009
                0x8001dc4a                S2_Sony_Zoom_Processor_3EventHandler00006
                0x80023cba                S2_Sony_Zoom_Processor_3EventHandler00005
                0x80022354                S2_Sony_Zoom_Processor_3EventHandler0000C
                0x8001bc18                S2_Sony_Zoom_Processor_3EventHandler00001
                0x8001cf10                S2_Sony_Zoom_Processor_3EventHandler00003
                0x8001ef02                S2_Sony_Zoom_Processor_3EventHandler00008
                0x800203d2                S2_Sony_Zoom_Processor_3EventHandler0000A
                0x8001d88e                S2_Sony_Zoom_Processor_3EventHandler00004
                0x8001c598                S2_Sony_Zoom_Processor_3EventHandler00002
                0x80020f3c                S2_Sony_Zoom_Processor_3EventHandler0000B
                0x8001e59a                S2_Sony_Zoom_Processor_3EventHandler00007
                0x80023940                S2_Sony_Zoom_Processor_3_main
 .text          0x80023d38      0x502 S2_Samsung_400P___460P_Checksum.o
                0x80023d38                S2_Samsung_400P___460P_ChecksumEventHandler00000
                0x80024160                S2_Samsung_400P___460P_Checksum_main
                0x800240a6                S2_Samsung_400P___460P_Checksum_EventHandler
 *fill*         0x8002423a        0x2
 .text          0x8002423c      0x5e8 S2_ClearOne_Converge_Generator_v1_1.o
                0x800246de                S2_ClearOne_Converge_Generator_v1_1EventHandler00004
                0x800244f6                S2_ClearOne_Converge_Generator_v1_1EventHandler00001
                0x8002463c                S2_ClearOne_Converge_Generator_v1_1EventHandler00003
                0x80024454                S2_ClearOne_Converge_Generator_v1_1EventHandler00000
                0x8002423c                S2_ClearOne_Converge_Generator_v1_1_EventHandler
                0x80024598                S2_ClearOne_Converge_Generator_v1_1EventHandler00002
                0x80024384                S2_ClearOne_Converge_Generator_v1_1_main
                0x80024782                S2_ClearOne_Converge_Generator_v1_1EventHandler00005
 .text          0x80024824     0x3bb0 S2_ClearOne_Converge_Feedback_Processor_v1_3.o
                0x800282d0                S2_ClearOne_Converge_Feedback_Processor_v1_3_main
                0x80025568                S2_ClearOne_Converge_Feedback_Processor_v1_3EventHandler00000
                0x80028216                S2_ClearOne_Converge_Feedback_Processor_v1_3_EventHandler
 .text          0x800283d4    0x13276 S2_ConferenceHub1.o
                0x8003786e                S2_ConferenceHub1EventHandler00002
                0x80036a0c                S2_ConferenceHub1EventHandler00000
                0x800380fe                S2_ConferenceHub1EventHandler00006
                0x80038ccc                S2_ConferenceHub1EventHandler0000B
                0x80037a3c                S2_ConferenceHub1EventHandler00003
                0x80036fde                S2_ConferenceHub1EventHandler00001
                0x800391f6                S2_ConferenceHub1_main
                0x8003b5da                S2_ConferenceHub1_VTC_RESOURCE_Constructor
                0x800384d2                S2_ConferenceHub1EventHandler00008
                0x8003b5d0                S2_ConferenceHub1_ENDPOINT_Destructor
                0x8003b54a                S2_ConferenceHub1_ENDPOINT_Constructor
                0x80037d3a                S2_ConferenceHub1EventHandler00004
                0x8003b5e4                S2_ConferenceHub1_VTC_RESOURCE_Destructor
                0x80038ff8                S2_ConferenceHub1_EventHandler
                0x8003b5ee                S2_ConferenceHub1EventHandler0000C
                0x80037f8c                S2_ConferenceHub1EventHandler00005
                0x80038a72                S2_ConferenceHub1EventHandler0000A
                0x800387a2                S2_ConferenceHub1EventHandler00009
                0x800382e8                S2_ConferenceHub1EventHandler00007
 *fill*         0x8003b64a        0x2
 .text          0x8003b64c     0x673a S2_ControlConfMgmt2.o
                0x8003edd4                S2_ControlConfMgmt2EventHandler00006
                0x80040f12                S2_ControlConfMgmt2_EventHandler
                0x80040c0e                S2_ControlConfMgmt2EventHandler00009
                0x8003d656                S2_ControlConfMgmt2EventHandler00003
                0x8003c5e0                S2_ControlConfMgmt2EventHandler00001
                0x8003f816                S2_ControlConfMgmt2EventHandler00007
                0x8003e38e                S2_ControlConfMgmt2EventHandler00005
                0x8003dbaa                S2_ControlConfMgmt2EventHandler00004
                0x8003d102                S2_ControlConfMgmt2EventHandler00002
                0x80040392                S2_ControlConfMgmt2EventHandler00008
                0x8003bac0                S2_ControlConfMgmt2EventHandler00000
                0x800410b0                S2_ControlConfMgmt2_main
 *fill*         0x80041d86        0x2
 .text          0x80041d88     0xf64e S2_Rivulet.o
                0x80050648                S2_Rivulet_EventHandler
                0x80051242                S2_Rivulet_CMIS_CONNECTION_Constructor
                0x8004e8b0                S2_RivuletEventHandler00004
                0x800511c4                S2_Rivulet_RIVULET_ENDPOINT_Destructor
                0x800511ce                S2_Rivulet_RIVULET_CONNECTION_Constructor
                0x8004e148                S2_RivuletEventHandler00001
                0x80051178                S2_Rivulet_CMIS_ENDPOINT_Destructor
                0x8005114e                S2_Rivulet_CMIS_ENDPOINT_Constructor
                0x800512b0                S2_Rivulet_RESPONSEDATA_Constructor
                0x8004feda                S2_RivuletEventHandler00005
                0x80051358                S2_Rivulet_RESPONSEDATA_Destructor
                0x8004d98e                S2_RivuletEventHandler00000
                0x80051238                S2_Rivulet_RIVULET_CONNECTION_Destructor
                0x8005078e                S2_Rivulet_main
                0x800512a6                S2_Rivulet_CMIS_CONNECTION_Destructor
                0x80051182                S2_Rivulet_RIVULET_ENDPOINT_Constructor
                0x80051362                S2_RivuletEventHandler00002
                0x8004e480                S2_RivuletEventHandler00003
 *fill*         0x800513d6        0x2
 .text          0x800513d8     0x2510 S2_TVS_Control_via_MXP_v3_1.o
                0x800516ee                S2_TVS_Control_via_MXP_v3_1EventHandler00001
                0x80051984                S2_TVS_Control_via_MXP_v3_1EventHandler00002
                0x80053260                S2_TVS_Control_via_MXP_v3_1_main
                0x800513d8                S2_TVS_Control_via_MXP_v3_1EventHandler00000
                0x80053148                S2_TVS_Control_via_MXP_v3_1_EventHandler
 .text          0x800538e8      0x596 S2_KeyProA.o
                0x80053a20                S2_KeyProAEventHandler00002
                0x80053c34                S2_KeyProA_main
                0x80053b4c                S2_KeyProA_EventHandler
                0x800538e8                S2_KeyProAEventHandler00000
                0x80053d82                S2_KeyProAEventHandler00001
 *fill*         0x80053e7e        0x2
 .text          0x80053e80     0xed6e S2_Tandberg_MXP_Processor_v1.o
                0x80061cbe                S2_Tandberg_MXP_Processor_v1EventHandler00003
                0x80055814                S2_Tandberg_MXP_Processor_v1EventHandler0000A
                0x80062856                S2_Tandberg_MXP_Processor_v1EventHandler00020
                0x80062b12                S2_Tandberg_MXP_Processor_v1EventHandler00027
                0x800628ea                S2_Tandberg_MXP_Processor_v1EventHandler00021
                0x800621aa                S2_Tandberg_MXP_Processor_v1EventHandler0000C
                0x800627c2                S2_Tandberg_MXP_Processor_v1EventHandler0001F
                0x80061e46                S2_Tandberg_MXP_Processor_v1EventHandler00005
                0x80059616                S2_Tandberg_MXP_Processor_v1EventHandler00028
                0x8006297e                S2_Tandberg_MXP_Processor_v1EventHandler00023
                0x800610b2                S2_Tandberg_MXP_Processor_v1_main
                0x800582a2                S2_Tandberg_MXP_Processor_v1EventHandler0001D
                0x80062786                S2_Tandberg_MXP_Processor_v1EventHandler0001E
                0x8005906a                S2_Tandberg_MXP_Processor_v1EventHandler00025
                0x8005a1ba                S2_Tandberg_MXP_Processor_v1EventHandler0002A
                0x80062226                S2_Tandberg_MXP_Processor_v1EventHandler0000D
                0x8006267a                S2_Tandberg_MXP_Processor_v1EventHandler00017
                0x80062552                S2_Tandberg_MXP_Processor_v1EventHandler00015
                0x80061fce                S2_Tandberg_MXP_Processor_v1EventHandler00007
                0x80060ee2                S2_Tandberg_MXP_Processor_v1_EventHandler
                0x80061f0a                S2_Tandberg_MXP_Processor_v1EventHandler00006
                0x80062378                S2_Tandberg_MXP_Processor_v1EventHandler00012
                0x8005ab82                S2_Tandberg_MXP_Processor_v1EventHandler0002B
                0x80057006                S2_Tandberg_MXP_Processor_v1EventHandler0001A
                0x80061d82                S2_Tandberg_MXP_Processor_v1EventHandler00004
                0x80058ad8                S2_Tandberg_MXP_Processor_v1EventHandler00022
                0x800622f4                S2_Tandberg_MXP_Processor_v1EventHandler00011
                0x800624cc                S2_Tandberg_MXP_Processor_v1EventHandler00014
                0x8006270e                S2_Tandberg_MXP_Processor_v1EventHandler00018
                0x80056614                S2_Tandberg_MXP_Processor_v1EventHandler0000F
                0x80055270                S2_Tandberg_MXP_Processor_v1EventHandler00009
                0x8005728c                S2_Tandberg_MXP_Processor_v1EventHandler0001B
                0x80059340                S2_Tandberg_MXP_Processor_v1EventHandler00026
                0x8006274a                S2_Tandberg_MXP_Processor_v1EventHandler00019
                0x8006229e                S2_Tandberg_MXP_Processor_v1EventHandler0000E
                0x80061bfa                S2_Tandberg_MXP_Processor_v1EventHandler00002
                0x8005ad5e                S2_Tandberg_MXP_Processor_v1EventHandler0002C
                0x80061a74                S2_Tandberg_MXP_Processor_v1EventHandler00000
                0x800625e6                S2_Tandberg_MXP_Processor_v1EventHandler00016
                0x80062a48                S2_Tandberg_MXP_Processor_v1EventHandler00024
                0x80059fde                S2_Tandberg_MXP_Processor_v1EventHandler00029
                0x80057d22                S2_Tandberg_MXP_Processor_v1EventHandler0001C
                0x80061b36                S2_Tandberg_MXP_Processor_v1EventHandler00001
                0x80056b4c                S2_Tandberg_MXP_Processor_v1EventHandler00010
                0x80062156                S2_Tandberg_MXP_Processor_v1EventHandler0000B
                0x80062420                S2_Tandberg_MXP_Processor_v1EventHandler00013
                0x80062092                S2_Tandberg_MXP_Processor_v1EventHandler00008
 *fill*         0x80062bee        0x2
 .text          0x80062bf0     0x524a S2_xacli_Control__Rev_0_00_2_.o
                0x80067e30                S2_xacli_Control__Rev_0_00_2__SMCUSITELIST_Destructor
                0x80062e6e                S2_xacli_Control__Rev_0_00_2_EventHandler00001
                0x80062bf0                S2_xacli_Control__Rev_0_00_2_EventHandler00000
                0x80067a7a                S2_xacli_Control__Rev_0_00_2__EventHandler
                0x80067b56                S2_xacli_Control__Rev_0_00_2__main
                0x80067e10                S2_xacli_Control__Rev_0_00_2__SMCUSITELIST_Constructor
 *fill*         0x80067e3a        0x2
 .text          0x80067e3c      0x43c S2_Initialization_Manager.o
                0x80067f7c                S2_Initialization_Manager_EventHandler
                0x80067ee8                S2_Initialization_Manager_main
                0x8006821c                S2_Initialization_ManagerEventHandler00003
                0x800680e0                S2_Initialization_ManagerEventHandler00001
                0x80068006                S2_Initialization_ManagerEventHandler00000
                0x8006817e                S2_Initialization_ManagerEventHandler00002
 .text          0x80068278     0x56fa library.o
                0x8006c3c6                RotateRightLong
                0x8006c9aa                IsSystem
                0x8006c32a                Seed
                0x80069c60                Remove
                0x8006bfa6                Ltoa
                0x8006bcd2                Atoi
                0x8006b03a                InitRampInfoArray
                0x8006c780                Right
                0x8006c254                Mod
                0x8006c43c                Getc
                0x8006c188                SMuldiv
                0x8006c98c                IsHidden
                0x8006c06c                Min
                0x8006d59a                hextosi
                0x8006cb30                WriteIntegerArray
                0x8006d0a6                GetSignedIntArrayElementPtr
                0x8006b9f4                CheckStructArray
                0x8006d5ae                hextosl
                0x8006ccb6                WriteSignedIntegerArray
                0x8006b6bc                InitStringParamArray
                0x8006a98a                ReadSignedLongIntegerArray
                0x80069944                GatherToDelimiter
                0x8006b4e0                InitStringArray
                0x8006c046                Max
                0x8006c9e6                IsReadOnly
                0x8006c150                SMax
                0x80069abc                GatherByLength
                0x8006bee0                Chr
                0x8006cb08                ReadSignedLongInteger
                0x8006bf5e                Itohex
                0x8006b966                GetStructArrayElement
                0x8006bc5a                UNS_SetByte
                0x8006c754                ReverseFindi
                0x8006ae36                ReadStringArray
                0x8006ceb6                GetIntArrayElementPtr
                0x8006c590                Lower
                0x8006c346                RotateLeft
                0x8006d6ce                ResizeIfAutogrow
                0x8006b166                CheckInputArray
                0x800687e6                ResizeStringArray
                0x8006be72                Atosl
                0x8006bc9a                High
                0x8006c2f6                Rnd
                0x8006c218                UMod
                0x8006c39c                RotateLeftLong
                0x8006d786                FindNumericChar
                0x8006d2fe                CheckIOArrayBounds2
                0x8006c16c                SMin
                0x8006c4c4                Left
                0x8006c406                CheckBufferThreshold
                0x8006cac0                ReadSignedInteger
                0x8006bcc4                LowWord
                0x80068278                Bit
                0x8006ca70                ReadLongInteger
                0x8006bad8                Byte
                0x8006cfae                GetLongArrayElementPtr
                0x8006c726                ReverseFind
                0x8006d852                InitTcpServer
                0x8006c578                Len
                0x8006d3ce                InitializeRampInfoInternal
                0x8006c092                Divide
                0x8006bdde                Atol
                0x8006d296                CheckIOArrayBounds
                0x8006b1c0                CheckStringInputArray
                0x8006cd78                WriteSignedLongIntegerArray
                0x8006b8b0                GetStringArrayElement
                0x8006bfea                Ltohex
                0x8006bf16                Itoa
                0x8006c370                RotateRight
                0x80069f0c                InternalReverseFind
                0x8006ca50                WriteLongInteger
                0x8006b3e4                InitDynamicStringStruct
                0x8006b2d6                SetStringArray
                0x8006a768                ReadSignedIntegerArray
                0x8006b21a                SetOutputArray
                0x8006ca00                WriteInteger
                0x8006b844                InitStructDynamicArray
                0x8006a196                SetString
                0x8006c290                Random
                0x8006ca98                WriteSignedInteger
                0x800684dc                Find
                0x8006c664                Mid
                0x8006d7c4                InitTcpClient
                0x800693ca                ResizeStructArray
                0x8006d19e                GetSignedLongArrayElementPtr
                0x8006d5c0                hextol
                0x8006abac                ReadString
                0x8006b576                InitDynamicStringArray
                0x8006d6a6                UpperChar
                0x8006bd6e                Atosi
                0x8006ca28                ReadInteger
                0x8006c104                Muldiv
                0x8006b288                SetStringOutputArray
                0x8006ce3c                WriteString
                0x80068e3e                ResizeIntegerArray
                0x8006b12e                InitInOutArray
                0x8006b784                InitNvramStringArray
                0x8006c02e                Abs
                0x8006c1d4                SDivide
                0x8006a326                ReadIntegerArray
                0x80068388                CompareStrings
                0x8006d67e                LowerChar
                0x8006d8e2                InitUdpSocket
                0x8006c3ee                ClearBuffer
                0x8006c83c                Upper
                0x8006b820                InitStructArray
                0x8006c912                MakeLower
                0x8006c9c8                IsVolume
                0x80069d92                RemoveByLength
                0x8006ba70                CheckStringOutputArrayIndex
                0x8006cbf2                WriteLongIntegerArray
                0x8006d47a                InitRampInfoStructArray
                0x8006bcb6                HighWord
                0x80068650                ResizeString
                0x8006c96e                IsDirectory
                0x8006a546                ReadLongIntegerArray
                0x8006bca8                Low
                0x800697f4                Gather
                0x8006c940                MakeUpper
                0x8006b3a6                InitStringStruct
                0x8006d366                CheckStringArrayBounds
                0x8006c0d6                CheckDenominator
                0x8006d582                hextoi
                0x8006acca                WriteStringArray
                0x8006bb98                SetByte
                0x8006d424                InitializeRampInfo
                0x8006cae8                WriteSignedLongInteger
                0x8006b498                InitNvramStringStruct
 *fill*         0x8006d972        0xe
                0x8006d980                .=ALIGN(0x10)
 *(.eh_frame)
                0x8006d980                .=ALIGN(0x10)
 *(.gnu.linkonce.t.*)
                0x8006d980                .=ALIGN(0x4)
                0x8006d980                __CTOR_LIST__=.
                0x8006d980                ___CTOR_LIST__=.
                0x8006d980        0x4 LONG 0x0 (((__CTOR_END__-__CTOR_LIST__)/0x4)-0x2)
 *(.ctors)
                0x8006d984        0x4 LONG 0x0
                0x8006d988                __CTOR_END__=.
                0x8006d988                __DTOR_LIST__=.
                0x8006d988                ___DTOR_LIST__=.
                0x8006d988        0x4 LONG 0x0 (((__DTOR_END__-__DTOR_LIST__)/0x4)-0x2)
 *(.dtors)
                0x8006d98c        0x4 LONG 0x0
                0x8006d990                __DTOR_END__=.
 *(.rodata)
 .rodata        0x8006d990      0xac0 S2_EndpointComm.o
 .rodata        0x8006e450      0x2a7 S2_CMIS_Hub_Library.o
 .rodata        0x8006e6f7      0x333 S2_SDKEndpoint_OR8.o
 .rodata        0x8006ea2a      0x3de S2_Conference___RoomControl.o
 .rodata        0x8006ee08      0x32b S2_SDKEndpoint.o
 .rodata        0x8006f133      0x7a8 S2_Conference___PassiveHubComm1.o
 .rodata        0x8006f8db      0x302 S2_DenDVD.o
 .rodata        0x8006fbdd      0x362 S2_Sony_Zoom_Processor_3.o
 .rodata        0x8006ff3f      0x2b8 S2_Samsung_400P___460P_Checksum.o
 .rodata        0x800701f7      0x27a S2_ClearOne_Converge_Generator_v1_1.o
 .rodata        0x80070471      0x766 S2_ClearOne_Converge_Feedback_Processor_v1_3.o
 .rodata        0x80070bd7     0x1896 S2_ConferenceHub1.o
 .rodata        0x8007246d      0x541 S2_ControlConfMgmt2.o
 .rodata        0x800729ae     0x1f29 S2_Rivulet.o
 .rodata        0x800748d7      0x5e4 S2_TVS_Control_via_MXP_v3_1.o
 .rodata        0x80074ebb      0x29c S2_KeyProA.o
 .rodata        0x80075157      0xb9b S2_Tandberg_MXP_Processor_v1.o
 .rodata        0x80075cf2      0x834 S2_xacli_Control__Rev_0_00_2_.o
 .rodata        0x80076526      0x2fd S2_Initialization_Manager.o
 .rodata        0x80076823      0xc54 library.o
 *(.gcc_except_table)
 *fill*         0x80077477        0x1
                0x80077478                .=ALIGN(0x2)
                0x80077478                __INIT_SECTION__=.
                0x80077478        0x4 LONG 0x4e560000
 *(.init)
                0x8007747c        0x2 SHORT 0x4e5e
                0x8007747e        0x2 SHORT 0x4e75
                0x80077480                __FINI_SECTION__=.
                0x80077480        0x4 LONG 0x4e560000
 *(.fini)
                0x80077484        0x2 SHORT 0x4e5e
                0x80077486        0x2 SHORT 0x4e75
 *(.lit)
 *fill*         0x80077488        0x8
                0x80077490                .=ALIGN(0x10)
                0x80077490                _etext=.
                0x80077490                etext=.

.data           0x80077490        0x0
                0x80077490                copy_start=.
 *(.shdata)
 *(.data)
 *(.gnu.linkonce.d.*)
                0x80077490                .=ALIGN(0x10)
                0x80077490                _edata=.
                0x80077490                copy_end=.

.got
 *(.got.plt)
 *(.got)

EntryList       0x80077490     0x1430
 *(EntryList)
 EntryList      0x80077490      0x110 S2_EndpointComm.o
                0x80077490                S2_EndpointComm_Entry
 EntryList      0x800775a0      0x110 S2_CMIS_Hub_Library.o
                0x800775a0                S2_CMIS_Hub_Library_Entry
 EntryList      0x800776b0      0x110 S2_SDKEndpoint_OR8.o
                0x800776b0                S2_SDKEndpoint_OR8_Entry
 EntryList      0x800777c0      0x110 S2_Conference___RoomControl.o
                0x800777c0                S2_Conference___RoomControl_Entry
 EntryList      0x800778d0      0x110 S2_SDKEndpoint.o
                0x800778d0                S2_SDKEndpoint_Entry
 EntryList      0x800779e0      0x110 S2_Conference___PassiveHubComm1.o
                0x800779e0                S2_Conference___PassiveHubComm1_Entry
 EntryList      0x80077af0      0x110 S2_DenDVD.o
                0x80077af0                S2_DenDVD_Entry
 EntryList      0x80077c00      0x110 S2_Sony_Zoom_Processor_3.o
                0x80077c00                S2_Sony_Zoom_Processor_3_Entry
 EntryList      0x80077d10      0x110 S2_Samsung_400P___460P_Checksum.o
                0x80077d10                S2_Samsung_400P___460P_Checksum_Entry
 EntryList      0x80077e20      0x110 S2_ClearOne_Converge_Generator_v1_1.o
                0x80077e20                S2_ClearOne_Converge_Generator_v1_1_Entry
 EntryList      0x80077f30      0x110 S2_ClearOne_Converge_Feedback_Processor_v1_3.o
                0x80077f30                S2_ClearOne_Converge_Feedback_Processor_v1_3_Entry
 EntryList      0x80078040      0x110 S2_ConferenceHub1.o
                0x80078040                S2_ConferenceHub1_Entry
 EntryList      0x80078150      0x110 S2_ControlConfMgmt2.o
                0x80078150                S2_ControlConfMgmt2_Entry
 EntryList      0x80078260      0x110 S2_Rivulet.o
                0x80078260                S2_Rivulet_Entry
 EntryList      0x80078370      0x110 S2_TVS_Control_via_MXP_v3_1.o
                0x80078370                S2_TVS_Control_via_MXP_v3_1_Entry
 EntryList      0x80078480      0x110 S2_KeyProA.o
                0x80078480                S2_KeyProA_Entry
 EntryList      0x80078590      0x110 S2_Tandberg_MXP_Processor_v1.o
                0x80078590                S2_Tandberg_MXP_Processor_v1_Entry
 EntryList      0x800786a0      0x110 S2_xacli_Control__Rev_0_00_2_.o
                0x800786a0                S2_xacli_Control__Rev_0_00_2__Entry
 EntryList      0x800787b0      0x110 S2_Initialization_Manager.o
                0x800787b0                S2_Initialization_Manager_Entry
                0x800788c0                .=ALIGN(0x4)

FunctionList    0x800788c0        0x4
 *(FunctionList)
 FunctionList   0x800788c0        0x4 globals.o
                0x800788c0                g_pFunctions
                0x800788c4                .=ALIGN(0x4)

.bss            0x800788c4        0x0
                0x800788c4                .=ALIGN(0x4)
                0x800788c4                __bss_start=.
 *(.shbss)
 *(.bss)
 *(COMMON)
                0x800788c8                _end=ALIGN(0x8)
                0x800788c8                __end=_end

.stab
 *(.stab)

.stabstr
 *(.stabstr)

.debug
 *(.debug)

.line
 *(.line)

.debug_srcinfo
 *(.debug_srcinfo)

.debug_sfnames
 *(.debug_sfnames)

.debug_aranges
 *(.debug_aranges)

.debug_pubnames
 *(.debug_pubnames)

.debug_info
 *(.debug_info)

.debug_abbrev
 *(.debug_abbrev)

.debug_line
 *(.debug_line)

.debug_frame
 *(.debug_frame)

.debug_str
 *(.debug_str)

.debug_loc
 *(.debug_loc)

.debug_macinfo
 *(.debug_macinfo)

.debug_weaknames
 *(.debug_weaknames)

.debug_funcnames
 *(.debug_funcnames)

.debug_typenames
 *(.debug_typenames)

.debug_varnames
 *(.debug_varnames)
LOAD S2_EndpointComm.o
LOAD S2_CMIS_Hub_Library.o
LOAD S2_SDKEndpoint_OR8.o
LOAD S2_Conference___RoomControl.o
LOAD S2_SDKEndpoint.o
LOAD S2_Conference___PassiveHubComm1.o
LOAD S2_DenDVD.o
LOAD S2_Sony_Zoom_Processor_3.o
LOAD S2_Samsung_400P___460P_Checksum.o
LOAD S2_ClearOne_Converge_Generator_v1_1.o
LOAD S2_ClearOne_Converge_Feedback_Processor_v1_3.o
LOAD S2_ConferenceHub1.o
LOAD S2_ControlConfMgmt2.o
LOAD S2_Rivulet.o
LOAD S2_TVS_Control_via_MXP_v3_1.o
LOAD S2_KeyProA.o
LOAD S2_Tandberg_MXP_Processor_v1.o
LOAD S2_xacli_Control__Rev_0_00_2_.o
LOAD S2_Initialization_Manager.o
LOAD globals.o
LOAD library.o
OUTPUT(_S2_263_0015_00_AA_20091014.spl elf32-m68k)

.comment        0x800788c4      0x31e
 .comment       0x800788c4       0x26 S2_EndpointComm.o
 .comment       0x800788ea       0x26 S2_CMIS_Hub_Library.o
 .comment       0x80078910       0x26 S2_SDKEndpoint_OR8.o
 .comment       0x80078936       0x26 S2_Conference___RoomControl.o
 .comment       0x8007895c       0x26 S2_SDKEndpoint.o
 .comment       0x80078982       0x26 S2_Conference___PassiveHubComm1.o
 .comment       0x800789a8       0x26 S2_DenDVD.o
 .comment       0x800789ce       0x26 S2_Sony_Zoom_Processor_3.o
 .comment       0x800789f4       0x26 S2_Samsung_400P___460P_Checksum.o
 .comment       0x80078a1a       0x26 S2_ClearOne_Converge_Generator_v1_1.o
 .comment       0x80078a40       0x26 S2_ClearOne_Converge_Feedback_Processor_v1_3.o
 .comment       0x80078a66       0x26 S2_ConferenceHub1.o
 .comment       0x80078a8c       0x26 S2_ControlConfMgmt2.o
 .comment       0x80078ab2       0x26 S2_Rivulet.o
 .comment       0x80078ad8       0x26 S2_TVS_Control_via_MXP_v3_1.o
 .comment       0x80078afe       0x26 S2_KeyProA.o
 .comment       0x80078b24       0x26 S2_Tandberg_MXP_Processor_v1.o
 .comment 